NEW:

Windows PowerShell
Copyright (C) 2015 Microsoft Corporation. All rights reserved.

I have come changes to make

C:\Users\varun\Documents\GitHub\Ajay-Bodhe [master]> cp 'C:\Users\varun\Desktop\India Trip.docx' .
C:\Users\varun\Documents\GitHub\Ajay-Bodhe [master +1 ~0 -0 !]> ls


    Directory: C:\Users\varun\Documents\GitHub\Ajay-Bodhe


Mode                LastWriteTime         Length Name
----                -------------         ------ ----
-a----       12/29/2015  11:19 PM          11600 India Trip.docx
-a----         1/2/2016   5:00 AM             48 README.md


C:\Users\varun\Documents\GitHub\Ajay-Bodhe [master +1 ~0 -0 !]> git status
On branch master
Your branch is up-to-date with 'origin/master'.
Untracked files:
  (use "git add <file>..." to include in what will be committed)

        India Trip.docx

nothing added to commit but untracked files present (use "git add" to track)
C:\Users\varun\Documents\GitHub\Ajay-Bodhe [master +1 ~0 -0 !]> git add 'India Trip.docx'
C:\Users\varun\Documents\GitHub\Ajay-Bodhe [master +1 ~0 -0]> git status
On branch master
Your branch is up-to-date with 'origin/master'.
Changes to be committed:
  (use "git reset HEAD <file>..." to unstage)

        new file:   India Trip.docx

C:\Users\varun\Documents\GitHub\Ajay-Bodhe [master +1 ~0 -0]> git commit -m "Adding file"
[master cec7271] Adding file
 1 file changed, 0 insertions(+), 0 deletions(-)
 create mode 100644 India Trip.docx
C:\Users\varun\Documents\GitHub\Ajay-Bodhe [master]> git status
On branch master
Your branch is ahead of 'origin/master' by 1 commit.
  (use "git push" to publish your local commits)
nothing to commit, working directory clean
C:\Users\varun\Documents\GitHub\Ajay-Bodhe [master]> git pull
Already up-to-date.
C:\Users\varun\Documents\GitHub\Ajay-Bodhe [master]> git push
Counting objects: 3, done.
Delta compression using up to 4 threads.
Compressing objects: 100% (3/3), done.
Writing objects: 100% (3/3), 9.07 KiB | 0 bytes/s, done.
Total 3 (delta 0), reused 0 (delta 0)
To https://github.com/prasadbhoite/Ajay-Bodhe.git
   b717177..cec7271  master -> master
C:\Users\varun\Documents\GitHub\Ajay-Bodhe [master]>
C:\Users\varun\Documents\GitHub\Ajay-Bodhe [master]> git branch
* master
C:\Users\varun\Documents\GitHub\Ajay-Bodhe [master]> git help
usage: git [--version] [--help] [-C <path>] [-c name=value]
           [--exec-path[=<path>]] [--html-path] [--man-path] [--info-path]
           [-p | --paginate | --no-pager] [--no-replace-objects] [--bare]
           [--git-dir=<path>] [--work-tree=<path>] [--namespace=<name>]
           <command> [<args>]

These are common Git commands used in various situations:

start a working area (see also: git help tutorial)
   clone      Clone a repository into a new directory
   init       Create an empty Git repository or reinitialize an existing one

work on the current change (see also: git help everyday)
   add        Add file contents to the index
   mv         Move or rename a file, a directory, or a symlink
   reset      Reset current HEAD to the specified state
   rm         Remove files from the working tree and from the index

examine the history and state (see also: git help revisions)
   bisect     Find by binary search the change that introduced a bug
   grep       Print lines matching a pattern
   log        Show commit logs
   show       Show various types of objects
   status     Show the working tree status

grow, mark and tweak your common history
   branch     List, create, or delete branches
   checkout   Switch branches or restore working tree files
   commit     Record changes to the repository
   diff       Show changes between commits, commit and working tree, etc
   merge      Join two or more development histories together
   rebase     Forward-port local commits to the updated upstream head
   tag        Create, list, delete or verify a tag object signed with GPG

collaborate (see also: git help workflows)
   fetch      Download objects and refs from another repository
   pull       Fetch from and integrate with another repository or a local branch
   push       Update remote refs along with associated objects

'git help -a' and 'git help -g' list available subcommands and some
concept guides. See 'git help <command>' or 'git help <concept>'
to read about a specific subcommand or concept.
C:\Users\varun\Documents\GitHub\Ajay-Bodhe [master]> git branch prasad1
C:\Users\varun\Documents\GitHub\Ajay-Bodhe [master]> git branch
* master
  prasad1
C:\Users\varun\Documents\GitHub\Ajay-Bodhe [master]> git checkout prasad1
Switched to branch 'prasad1'
C:\Users\varun\Documents\GitHub\Ajay-Bodhe [prasad1]> git branch
  master
* prasad1
C:\Users\varun\Documents\GitHub\Ajay-Bodhe [prasad1]> ls


    Directory: C:\Users\varun\Documents\GitHub\Ajay-Bodhe


Mode                LastWriteTime         Length Name
----                -------------         ------ ----
-a----       12/29/2015  11:19 PM          11600 India Trip.docx
-a----         1/2/2016   5:00 AM             48 README.md


C:\Users\varun\Documents\GitHub\Ajay-Bodhe [prasad1]> cp 'C:\Users\varun\Desktop\Resume _Prasad Bhoite.docx' .
C:\Users\varun\Documents\GitHub\Ajay-Bodhe [prasad1 +1 ~0 -0 !]> ls


    Directory: C:\Users\varun\Documents\GitHub\Ajay-Bodhe


Mode                LastWriteTime         Length Name
----                -------------         ------ ----
-a----       12/29/2015  11:19 PM          11600 India Trip.docx
-a----         1/2/2016   5:00 AM             48 README.md
-a----       12/21/2015   8:43 PM          30093 Resume _Prasad Bhoite.docx


C:\Users\varun\Documents\GitHub\Ajay-Bodhe [prasad1 +1 ~0 -0 !]> git status
On branch prasad1
Untracked files:
  (use "git add <file>..." to include in what will be committed)

        Resume _Prasad Bhoite.docx

nothing added to commit but untracked files present (use "git add" to track)
C:\Users\varun\Documents\GitHub\Ajay-Bodhe [prasad1 +1 ~0 -0 !]> git branch
  master
* prasad1
C:\Users\varun\Documents\GitHub\Ajay-Bodhe [prasad1 +1 ~0 -0 !]> git add 'Resume _Prasad Bhoite.docx'
C:\Users\varun\Documents\GitHub\Ajay-Bodhe [prasad1 +1 ~0 -0]> git status
On branch prasad1
Changes to be committed:
  (use "git reset HEAD <file>..." to unstage)

        new file:   Resume _Prasad Bhoite.docx

C:\Users\varun\Documents\GitHub\Ajay-Bodhe [prasad1 +1 ~0 -0]> git commit -m "First Branch"
[prasad1 06fb760] First Branch
 1 file changed, 0 insertions(+), 0 deletions(-)
 create mode 100644 Resume _Prasad Bhoite.docx
C:\Users\varun\Documents\GitHub\Ajay-Bodhe [prasad1]> git pull
fatal: unable to access 'https://github.com/prasadbhoite/Ajay-Bodhe.git/': Couldn't resolve host 'github.com'
C:\Users\varun\Documents\GitHub\Ajay-Bodhe [prasad1]>
C:\Users\varun\Documents\GitHub\Ajay-Bodhe [prasad1]> git pull
There is no tracking information for the current branch.
Please specify which branch you want to merge with.
See git-pull(1) for details

    git pull <remote> <branch>

If you wish to set tracking information for this branch you can do so with:

    git branch --set-upstream-to=origin/<branch> prasad1

C:\Users\varun\Documents\GitHub\Ajay-Bodhe [prasad1]> git push origin prasad1
Counting objects: 3, done.
Delta compression using up to 4 threads.
Compressing objects: 100% (3/3), done.
Writing objects: 100% (3/3), 27.09 KiB | 0 bytes/s, done.
Total 3 (delta 0), reused 0 (delta 0)
To https://github.com/prasadbhoite/Ajay-Bodhe.git
 * [new branch]      prasad1 -> prasad1
C:\Users\varun\Documents\GitHub\Ajay-Bodhe [prasad1]> ls


    Directory: C:\Users\varun\Documents\GitHub\Ajay-Bodhe


Mode                LastWriteTime         Length Name
----                -------------         ------ ----
-a----       12/29/2015  11:19 PM          11600 India Trip.docx
-a----         1/2/2016   5:00 AM             48 README.md
-a----       12/21/2015   8:43 PM          30093 Resume _Prasad Bhoite.docx


C:\Users\varun\Documents\GitHub\Ajay-Bodhe [prasad1]> git checkout master
Switched to branch 'master'
Your branch is up-to-date with 'origin/master'.
C:\Users\varun\Documents\GitHub\Ajay-Bodhe [master]> ls


    Directory: C:\Users\varun\Documents\GitHub\Ajay-Bodhe


Mode                LastWriteTime         Length Name
----                -------------         ------ ----
-a----       12/29/2015  11:19 PM          11600 India Trip.docx
-a----         1/2/2016   5:00 AM             48 README.md


C:\Users\varun\Documents\GitHub\Ajay-Bodhe [master]> git merge prasad1
Updating cec7271..06fb760
Fast-forward
 Resume _Prasad Bhoite.docx | Bin 0 -> 30093 bytes
 1 file changed, 0 insertions(+), 0 deletions(-)
 create mode 100644 Resume _Prasad Bhoite.docx
C:\Users\varun\Documents\GitHub\Ajay-Bodhe [master]> ls


    Directory: C:\Users\varun\Documents\GitHub\Ajay-Bodhe


Mode                LastWriteTime         Length Name
----                -------------         ------ ----
-a----       12/29/2015  11:19 PM          11600 India Trip.docx
-a----         1/2/2016   5:00 AM             48 README.md
-a----         1/2/2016   6:53 AM          30093 Resume _Prasad Bhoite.docx


C:\Users\varun\Documents\GitHub\Ajay-Bodhe [master]> git status
On branch master
Your branch is ahead of 'origin/master' by 1 commit.
  (use "git push" to publish your local commits)
nothing to commit, working directory clean
C:\Users\varun\Documents\GitHub\Ajay-Bodhe [master]> git push
Total 0 (delta 0), reused 0 (delta 0)
To https://github.com/prasadbhoite/Ajay-Bodhe.git
   cec7271..06fb760  master -> master
C:\Users\varun\Documents\GitHub\Ajay-Bodhe [master]> cd  ..
C:\Users\varun\Documents\GitHub> git clone https://github.com/prasadbhoite/datasharing
Cloning into 'datasharing'...
remote: Counting objects: 63, done.
remote: Total 63 (delta 0), reused 0 (delta 0), pack-reused 63
Unpacking objects: 100% (63/63), done.
Checking connectivity... done.
C:\Users\varun\Documents\GitHub> ls


    Directory: C:\Users\varun\Documents\GitHub


Mode                LastWriteTime         Length Name
----                -------------         ------ ----
d-----         1/2/2016   6:53 AM                Ajay-Bodhe
d-----         1/2/2016   4:21 AM                Data-science_Prasad
d-----         1/2/2016   7:00 AM                datasharing
d-----         1/2/2016   4:14 AM                Learning









Windows PowerShell
Copyright (C) 2015 Microsoft Corporation. All rights reserved.

C:\Users\varun\AppData\Local\GitHub\TutorialRepository_a66c3719071da6d865a984bb8d6bfb5bcd775ec8\new-repo [master]> ls


    Directory:
    C:\Users\varun\AppData\Local\GitHub\TutorialRepository_a66c3719071da6d865a984bb8d6bfb5bcd775ec8\new-repo


Mode                LastWriteTime         Length Name
----                -------------         ------ ----
-a----       12/18/2014  11:57 PM            395 .gitattributes
-a----        3/10/2015   4:09 PM            617 .gitignore


C:\Users\varun\AppData\Local\GitHub\TutorialRepository_a66c3719071da6d865a984bb8d6bfb5bcd775ec8\new-repo [master]> cd C:\Users\varun\Documents\Github
C:\Users\varun\Documents\Github> ls


    Directory: C:\Users\varun\Documents\Github


Mode                LastWriteTime         Length Name
----                -------------         ------ ----
d-----         1/2/2016   6:53 AM                Ajay-Bodhe
d-----         1/2/2016   4:21 AM                Data-science_Prasad
d-----         1/2/2016   7:00 AM                datasharing
d-----         1/2/2016   4:14 AM                Learning
d-----         1/2/2016  11:17 AM                Maverick


C:\Users\varun\Documents\Github> git status
fatal: Not a git repository (or any of the parent directories): .git
C:\Users\varun\Documents\Github> ls


    Directory: C:\Users\varun\Documents\Github


Mode                LastWriteTime         Length Name
----                -------------         ------ ----
d-----         1/2/2016   6:53 AM                Ajay-Bodhe
d-----         1/2/2016   4:21 AM                Data-science_Prasad
d-----         1/2/2016   7:00 AM                datasharing
d-----         1/2/2016   4:14 AM                Learning
d-----         1/2/2016  12:40 PM                Maverick


C:\Users\varun\Documents\Github> git status
fatal: Not a git repository (or any of the parent directories): .git
C:\Users\varun\Documents\Github> cd Maverick
C:\Users\varun\Documents\Github\Maverick [master]> git status
On branch master
Your branch is up-to-date with 'origin/master'.
nothing to commit, working directory clean
C:\Users\varun\Documents\Github\Maverick [master]> cd ..
C:\Users\varun\Documents\Github> cd ..
C:\Users\varun\Documents> ls


    Directory: C:\Users\varun\Documents


Mode                LastWriteTime         Length Name
----                -------------         ------ ----
d-----        8/31/2015  11:52 PM                ArcGIS 10.3
d-----         1/2/2016  11:17 AM                GitHub
d-----        8/20/2015  11:04 PM                grassdata
d-----        12/6/2015  10:44 AM                My Tableau Repository
-a----         1/2/2016   1:31 AM           2117 .Rhistory


C:\Users\varun\Documents> cd Github
C:\Users\varun\Documents\Github> ls


    Directory: C:\Users\varun\Documents\Github


Mode                LastWriteTime         Length Name
----                -------------         ------ ----
d-----         1/2/2016   6:53 AM                Ajay-Bodhe
d-----         1/2/2016   4:21 AM                Data-science_Prasad
d-----         1/2/2016   7:00 AM                datasharing
d-----         1/2/2016   4:14 AM                Learning
d-----         1/2/2016  12:43 PM                Maverick


C:\Users\varun\Documents\Github> cd Maverick
C:\Users\varun\Documents\Github\Maverick [master]> Git status
On branch master
Your branch is up-to-date with 'origin/master'.
nothing to commit, working directory clean
C:\Users\varun\Documents\Github\Maverick [master]> ls


    Directory: C:\Users\varun\Documents\Github\Maverick


Mode                LastWriteTime         Length Name
----                -------------         ------ ----
-a----         1/2/2016  11:17 AM            125 README.md


C:\Users\varun\Documents\Github\Maverick [master]> cp C:\Users\varun\Desktop\The elements of Statistical learning_Hastie
Copy-Item : A positional parameter cannot be found that accepts argument 'of'.
At line:1 char:1
+ cp C:\Users\varun\Desktop\The elements of Statistical learning_Hastie
+ ~~~~~~~~~~~~~~~~~~~~~~~~~~~~~~~~~~~~~~~~~~~~~~~~~~~~~~~~~~~~~~~~~~~~~
    + CategoryInfo          : InvalidArgument: (:) [Copy-Item], ParameterBindingException
    + FullyQualifiedErrorId : PositionalParameterNotFound,Microsoft.PowerShell.Commands.CopyItemCommand

C:\Users\varun\Documents\Github\Maverick [master]> cp C:\Users\varun\Desktop\India Trip
cp : Cannot find path 'C:\Users\varun\Desktop\India' because it does not exist.
At line:1 char:1
+ cp C:\Users\varun\Desktop\India Trip
+ ~~~~~~~~~~~~~~~~~~~~~~~~~~~~~~~~~~~~
    + CategoryInfo          : ObjectNotFound: (C:\Users\varun\Desktop\India:String) [Copy-Item], ItemNotFoundExcepti
   on
    + FullyQualifiedErrorId : PathNotFound,Microsoft.PowerShell.Commands.CopyItemCommand

C:\Users\varun\Documents\Github\Maverick [master]> cp "C:\Users\varun\Desktop\India Trip"
cp : Cannot find path 'C:\Users\varun\Desktop\India Trip' because it does not exist.
At line:1 char:1
+ cp "C:\Users\varun\Desktop\India Trip"
+ ~~~~~~~~~~~~~~~~~~~~~~~~~~~~~~~~~~~~~~
    + CategoryInfo          : ObjectNotFound: (C:\Users\varun\Desktop\India Trip:String) [Copy-Item], ItemNotFoundEx
   ception
    + FullyQualifiedErrorId : PathNotFound,Microsoft.PowerShell.Commands.CopyItemCommand

C:\Users\varun\Documents\Github\Maverick [master]> cp "C:\Users\varun\Desktop\India Trip.docx"
C:\Users\varun\Documents\Github\Maverick [master +1 ~0 -0 !]> ls


    Directory: C:\Users\varun\Documents\Github\Maverick


Mode                LastWriteTime         Length Name
----                -------------         ------ ----
-a----       12/29/2015  11:19 PM          11600 India Trip.docx
-a----         1/2/2016  11:17 AM            125 README.md


C:\Users\varun\Documents\Github\Maverick [master +1 ~0 -0 !]> cp "C:\Users\varun\Desktop\The elements of Statistical learning_Hastie.pdf"
C:\Users\varun\Documents\Github\Maverick [master +2 ~0 -0 !]> ls


    Directory: C:\Users\varun\Documents\Github\Maverick


Mode                LastWriteTime         Length Name
----                -------------         ------ ----
-a----       12/29/2015  11:19 PM          11600 India Trip.docx
-a----         1/2/2016  11:17 AM            125 README.md
-a----       12/27/2015   9:23 AM       12753207 The elements of Statistical learning_Hastie.pdf


C:\Users\varun\Documents\Github\Maverick [master +2 ~0 -0 !]> git status
On branch master
Your branch is up-to-date with 'origin/master'.
Untracked files:
  (use "git add <file>..." to include in what will be committed)

        India Trip.docx
        The elements of Statistical learning_Hastie.pdf

nothing added to commit but untracked files present (use "git add" to track)
C:\Users\varun\Documents\Github\Maverick [master +2 ~0 -0 !]> git remote-v
git: 'remote-v' is not a git command. See 'git --help'.

Did you mean this?
        remote-fd
C:\Users\varun\Documents\Github\Maverick [master +2 ~0 -0 !]> git remote -v
origin  https://github.com/prasadbhoite/Maverick (fetch)
origin  https://github.com/prasadbhoite/Maverick (push)
C:\Users\varun\Documents\Github\Maverick [master +2 ~0 -0 !]> git status
On branch master
Your branch is up-to-date with 'origin/master'.
Untracked files:
  (use "git add <file>..." to include in what will be committed)

        India Trip.docx
        The elements of Statistical learning_Hastie.pdf

nothing added to commit but untracked files present (use "git add" to track)
C:\Users\varun\Documents\Github\Maverick [master +2 ~0 -0 !]> git add 'The elements of Statistical learning_Hastie'
fatal: pathspec 'The elements of Statistical learning_Hastie' did not match any files
C:\Users\varun\Documents\Github\Maverick [master +2 ~0 -0 !]> git add 'The elements of Statistical learning_Hastie.pdf'
C:\Users\varun\Documents\Github\Maverick [master +1 ~0 -0 | +1 ~0 -0 !]> git status
On branch master
Your branch is up-to-date with 'origin/master'.
Changes to be committed:
  (use "git reset HEAD <file>..." to unstage)

        new file:   The elements of Statistical learning_Hastie.pdf

Untracked files:
  (use "git add <file>..." to include in what will be committed)

        India Trip.docx

C:\Users\varun\Documents\Github\Maverick [master +1 ~0 -0 | +1 ~0 -0 !]>
